---
source: src/day2.rs
expression: reports
snapshot_kind: text
---
[
    Report(
        [
            7,
            6,
            4,
            2,
            1,
        ],
    ),
    Report(
        [
            1,
            2,
            7,
            8,
            9,
        ],
    ),
    Report(
        [
            9,
            7,
            6,
            2,
            1,
        ],
    ),
    Report(
        [
            1,
            3,
            2,
            4,
            5,
        ],
    ),
    Report(
        [
            8,
            6,
            4,
            4,
            1,
        ],
    ),
    Report(
        [
            1,
            3,
            6,
            7,
            9,
        ],
    ),
]
